// Jest Snapshot v1, https://goo.gl/fbAQLP

exports[`Splashscreen User navigates to Splashscreen 1`] = `[Function]`;

exports[`Splashscreen User navigates to Splashscreen 2`] = `[Function]`;
